
> transport-app-123@0.0.0 build
> vite build

[36mvite v5.0.12 [32mbuilding for production...[36m[39m
transforming...
[32mÔ£ô[39m 21 modules transformed.
node.exe : [31mCould not 
resolve "./pages/DeleteDispa
tch.jsx" from 
"src/app.jsx"[39m
At line:1 char:1
+ & "C:\Program 
Files\nodejs/node.exe" 
"C:\Program 
Files\nodejs/node_mo ...
+ ~~~~~~~~~~~~~~~~~~~~~~~~~~
~~~~~~~~~~~~~~~~~~~~~~~~~~~~
~~~~~~~~~~~~~~~
    + CategoryInfo          
    : NotSpecified: ([31m  
  Could not ...c/app.jsx"   
 [39m:String) [], Remot    
eException
    + FullyQualifiedErrorId 
    : NativeCommandError
 
file: [36mE:/React-App/tran
sport-app-123/src/app.jsx[3
9m
[31merror during build:
RollupError: Could not 
resolve "./pages/DeleteDispa
tch.jsx" from "src/app.jsx"
    at getRollupError (file:
///E:/React-App/transport-ap
p-123/node_modules/rollup/di
st/es/shared/parseAst.js:401
:41)
    at error (file:///E:/Rea
ct-App/transport-app-123/nod
e_modules/rollup/dist/es/sha
red/parseAst.js:397:42)
    at ModuleLoader.handleIn
validResolvedId (file:///E:/
React-App/transport-app-123/
node_modules/rollup/dist/es/
shared/node-entry.js:21710:2
4)
    at file:///E:/React-App/
transport-app-123/node_modul
es/rollup/dist/es/shared/nod
e-entry.js:21670:26[39m
